2026-09-22T17:53:25.810020Z 0 [Warning] TIMESTAMP with implicit DEFAULT value is deprecated. Please use --explicit_defaults_for_timestamp server option (see documentation for more details).
2026-09-22T17:53:25.967744Z 0 [Warning] InnoDB: New log files created, LSN=45790
2026-09-22T17:53:25.989482Z 0 [Warning] InnoDB: Creating foreign key constraint system tables.
2026-09-22T17:53:26.063105Z 0 [Warning] No existing UUID has been found, so we assume that this is the first time that this server has been started. Generating a new UUID: 82d2f634-b6ae-11f1-90e0-40c2ba4490f0.
2026-09-22T17:53:26.067416Z 0 [Warning] Gtid table is not ready to be used. Table 'mysql.gtid_executed' cannot be opened.
2026-09-22T17:53:26.370529Z 0 [Warning] A deprecated TLS version TLSv1 is enabled. Please use TLSv1.2 or higher.
2026-09-22T17:53:26.371191Z 0 [Warning] A deprecated TLS version TLSv1.1 is enabled. Please use TLSv1.2 or higher.
2026-09-22T17:53:26.374668Z 0 [Warning] CA certificate ca.pem is self signed.
2026-09-22T17:53:26.665882Z 1 [Warning] root@localhost is created with an empty password ! Please consider switching off the --initialize-insecure option.
2026-09-22T17:54:56.660782Z 0 [Warning] TIMESTAMP with implicit DEFAULT value is deprecated. Please use --explicit_defaults_for_timestamp server option (see documentation for more details).
2026-09-22T17:54:56.660842Z 0 [Note] --secure-file-priv is set to NULL. Operations related to importing and exporting data are disabled
2026-09-22T17:54:56.661199Z 0 [Note] C:\Program Files\MySQL\MySQL Server 5.7\bin\mysqld.exe (mysqld 5.7.44) starting as process 10724 ...
2026-09-22T17:54:56.670845Z 0 [Note] InnoDB: Mutexes and rw_locks use Windows interlocked functions
2026-09-22T17:54:56.671317Z 0 [Note] InnoDB: Uses event mutexes
2026-09-22T17:54:56.671532Z 0 [Note] InnoDB: _mm_lfence() and _mm_sfence() are used for memory barrier
2026-09-22T17:54:56.678297Z 0 [Note] InnoDB: Compressed tables use zlib 1.2.13
2026-09-22T17:54:56.679036Z 0 [Note] InnoDB: Number of pools: 1
2026-09-22T17:54:56.679808Z 0 [Note] InnoDB: Not using CPU crc32 instructions
2026-09-22T17:54:56.686242Z 0 [Note] InnoDB: Initializing buffer pool, total size = 128M, instances = 1, chunk size = 128M
2026-09-22T17:54:56.692489Z 0 [Note] InnoDB: Completed initialization of buffer pool
2026-09-22T17:54:56.721444Z 0 [Note] InnoDB: Highest supported file format is Barracuda.
2026-09-22T17:54:56.752090Z 0 [Note] InnoDB: Creating shared tablespace for temporary tables
2026-09-22T17:54:56.752844Z 0 [Note] InnoDB: Setting file '.\ibtmp1' size to 12 MB. Physically writing the file full; Please wait ...
2026-09-22T17:54:56.762461Z 0 [Note] InnoDB: File '.\ibtmp1' size is now 12 MB.
2026-09-22T17:54:56.763616Z 0 [Note] InnoDB: 96 redo rollback segment(s) found. 96 redo rollback segment(s) are active.
2026-09-22T17:54:56.764021Z 0 [Note] InnoDB: 32 non-redo rollback segment(s) are active.
2026-09-22T17:54:56.764523Z 0 [Note] InnoDB: Waiting for purge to start
2026-09-22T17:54:56.829399Z 0 [Note] InnoDB: 5.7.44 started; log sequence number 2768291
2026-09-22T17:54:56.830250Z 0 [Note] InnoDB: Loading buffer pool(s) from d:\TTTN-UngDungDeepFace\University-face-system\scratch\mysql_data\ib_buffer_pool
2026-09-22T17:54:56.830405Z 0 [Note] Plugin 'FEDERATED' is disabled.
2026-09-22T17:54:56.838160Z 0 [Note] Found ca.pem, server-cert.pem and server-key.pem in data directory. Trying to enable SSL support using them.
2026-09-22T17:54:56.838661Z 0 [Note] Skipping generation of SSL certificates as certificate files are present in data directory.
2026-09-22T17:54:56.839027Z 0 [Warning] A deprecated TLS version TLSv1 is enabled. Please use TLSv1.2 or higher.
2026-09-22T17:54:56.839331Z 0 [Warning] A deprecated TLS version TLSv1.1 is enabled. Please use TLSv1.2 or higher.
2026-09-22T17:54:56.843736Z 0 [Warning] CA certificate ca.pem is self signed.
2026-09-22T17:54:56.844252Z 0 [Note] Skipping generation of RSA key pair as key files are present in data directory.
2026-09-22T17:54:56.845342Z 0 [Note] InnoDB: Buffer pool(s) load completed at 260923  0:54:56
2026-09-22T17:54:56.845498Z 0 [Note] Server hostname (bind-address): '*'; port: 3306
2026-09-22T17:54:56.846122Z 0 [Note] IPv6 is available.
2026-09-22T17:54:56.846336Z 0 [Note]   - '::' resolves to '::';
2026-09-22T17:54:56.846613Z 0 [Note] Server socket created on IP: '::'.
2026-09-22T17:54:56.874073Z 0 [Note] Event Scheduler: Loaded 0 events
2026-09-22T17:54:56.874587Z 0 [Note] C:\Program Files\MySQL\MySQL Server 5.7\bin\mysqld.exe: ready for connections.
Version: '5.7.44'  socket: ''  port: 3306  MySQL Community Server (GPL)
2026-09-22T17:56:19.180249Z 4 [Note] Access denied for user 'root'@'localhost' (using password: YES)
2026-09-22T17:57:50.087123Z 6 [Note] Access denied for user 'root'@'localhost' (using password: YES)
2026-09-22T17:59:05.894637Z 8 [Note] Access denied for user 'root'@'localhost' (using password: YES)
2026-09-22T18:15:56.858323Z 16 [Note] Aborted connection 16 to db: 'face_attendance_db' user: 'root' host: 'localhost' (Got an error reading communication packets)
